
> prevengo-app@0.1.0 build
> next build

Ôû▓ Next.js 16.1.6 (Turbopack)
- Environments: .env.local

  Creating an optimized production build ...
Ô£ô Compiled successfully in 7.8s
  Running TypeScript ...
  Collecting page data using 3 workers ...
  Generating static pages using 3 workers (0/6) ...
  Generating static pages using 3 workers (1/6) 
  Generating static pages using 3 workers (2/6) 
node.exe : Warning: Please 
use the `legacy` build in 
Node.js environments.
En línea: 1 Carácter: 1
+ & "C:\Program 
Files\nodejs/node.exe" 
"C:\Program 
Files\nodejs/node_mo ...
+ ~~~~~~~~~~~~~~~~~~~~~~~~~~~~
~~~~~~~~~~~~~~~~~~~~~~~~~~~~~~
~~~~~~~~~~~
    + CategoryInfo          : 
    NotSpecified: (Warning:   
  Please...s environments.:   
 String) [], RemoteExcepti    
on
    + FullyQualifiedErrorId : 
    NativeCommandError
 
Error occurred prerendering 
page "/". Read more: https://n
extjs.org/docs/messages/preren
der-error
ReferenceError: DOMMatrix is 
not defined
    at module evaluation (C:\U
sers\mateb\Desktop\PREVENGO\.n
ext\server\chunks\ssr\_4bc84a0
6._.js:38:131172)
    at instantiateModule (C:\U
sers\mateb\Desktop\PREVENGO\.n
ext\server\chunks\ssr\[turbopa
ck]_runtime.js:740:9)
    at getOrInstantiateModuleF
romParent (C:\Users\mateb\Desk
top\PREVENGO\.next\server\chun
ks\ssr\[turbopack]_runtime.js:
763:12)
    at 
Context.commonJsRequire [as 
r] (C:\Users\mateb\Desktop\PRE
VENGO\.next\server\chunks\ssr\
[turbopack]_runtime.js:249:12)
 {
  digest: '4269782057'
}
Export encountered an error 
on /page: /, exiting the 
build.
Ô¿» Next.js build worker 
exited with code: 1 and 
signal: null
